> Task :clean
> Task :compileJava

BUILD SUCCESSFUL in 17s
2 actionable tasks: 2 executed
